Archive member included because of file (symbol)

c:/program files (x86)/gnu tools arm embedded/4.9 2015q3/bin/../lib/gcc/arm-none-eabi/4.9.3/armv6-m\libgcc.a(_udivsi3.o)
                              ..\obj\BMP180_api.o (__aeabi_uidiv)
c:/program files (x86)/gnu tools arm embedded/4.9 2015q3/bin/../lib/gcc/arm-none-eabi/4.9.3/armv6-m\libgcc.a(_divsi3.o)
                              ..\obj\BMP180_api.o (__aeabi_idiv)
c:/program files (x86)/gnu tools arm embedded/4.9 2015q3/bin/../lib/gcc/arm-none-eabi/4.9.3/armv6-m\libgcc.a(_dvmd_tls.o)
                              c:/program files (x86)/gnu tools arm embedded/4.9 2015q3/bin/../lib/gcc/arm-none-eabi/4.9.3/armv6-m\libgcc.a(_udivsi3.o) (__aeabi_idiv0)
c:/program files (x86)/gnu tools arm embedded/4.9 2015q3/bin/../lib/gcc/arm-none-eabi/4.9.3/armv6-m\libgcc.a(_floatundidf.o)
                              ..\obj\PressureSensor.o (__aeabi_ul2d)
c:/program files (x86)/gnu tools arm embedded/4.9 2015q3/bin/../lib/gcc/arm-none-eabi/4.9.3/armv6-m\libgcc.a(divsf3.o)
                              ..\obj\PressureSensor.o (__aeabi_fdiv)
c:/program files (x86)/gnu tools arm embedded/4.9 2015q3/bin/../lib/gcc/arm-none-eabi/4.9.3/armv6-m\libgcc.a(mulsf3.o)
                              ..\obj\PressureSensor.o (__aeabi_fmul)
c:/program files (x86)/gnu tools arm embedded/4.9 2015q3/bin/../lib/gcc/arm-none-eabi/4.9.3/armv6-m\libgcc.a(fixsfsi.o)
                              ..\obj\PressureSensor.o (__aeabi_f2iz)
c:/program files (x86)/gnu tools arm embedded/4.9 2015q3/bin/../lib/gcc/arm-none-eabi/4.9.3/armv6-m\libgcc.a(floatunsisf.o)
                              ..\obj\PressureSensor.o (__aeabi_ui2f)
c:/program files (x86)/gnu tools arm embedded/4.9 2015q3/bin/../lib/gcc/arm-none-eabi/4.9.3/armv6-m\libgcc.a(adddf3.o)
                              c:/program files (x86)/gnu tools arm embedded/4.9 2015q3/bin/../lib/gcc/arm-none-eabi/4.9.3/armv6-m\libgcc.a(_floatundidf.o) (__aeabi_dadd)
c:/program files (x86)/gnu tools arm embedded/4.9 2015q3/bin/../lib/gcc/arm-none-eabi/4.9.3/armv6-m\libgcc.a(divdf3.o)
                              ..\obj\PressureSensor.o (__aeabi_ddiv)
c:/program files (x86)/gnu tools arm embedded/4.9 2015q3/bin/../lib/gcc/arm-none-eabi/4.9.3/armv6-m\libgcc.a(muldf3.o)
                              ..\obj\PressureSensor.o (__aeabi_dmul)
c:/program files (x86)/gnu tools arm embedded/4.9 2015q3/bin/../lib/gcc/arm-none-eabi/4.9.3/armv6-m\libgcc.a(subdf3.o)
                              ..\obj\PressureSensor.o (__aeabi_dsub)
c:/program files (x86)/gnu tools arm embedded/4.9 2015q3/bin/../lib/gcc/arm-none-eabi/4.9.3/armv6-m\libgcc.a(floatunsidf.o)
                              ..\obj\PressureSensor.o (__aeabi_ui2d)
c:/program files (x86)/gnu tools arm embedded/4.9 2015q3/bin/../lib/gcc/arm-none-eabi/4.9.3/armv6-m\libgcc.a(extendsfdf2.o)
                              ..\obj\PressureSensor.o (__aeabi_f2d)
c:/program files (x86)/gnu tools arm embedded/4.9 2015q3/bin/../lib/gcc/arm-none-eabi/4.9.3/armv6-m\libgcc.a(truncdfsf2.o)
                              ..\obj\PressureSensor.o (__aeabi_d2f)
c:/program files (x86)/gnu tools arm embedded/4.9 2015q3/bin/../lib/gcc/arm-none-eabi/4.9.3/armv6-m\libgcc.a(_clzsi2.o)
                              c:/program files (x86)/gnu tools arm embedded/4.9 2015q3/bin/../lib/gcc/arm-none-eabi/4.9.3/armv6-m\libgcc.a(divsf3.o) (__clzsi2)
c:/program files (x86)/gnu tools arm embedded/4.9 2015q3/bin/../lib/gcc/arm-none-eabi/4.9.3/../../../../arm-none-eabi/lib/armv6-m\libg.a(lib_a-memmove.o)
                              ..\obj\PressureSensor.o (memmove)

Allocating common symbols
Common symbol       size              file

VELOCITYFAST        0x12c             ..\obj\main.o
BMP180_CTRLREGS     0x5               ..\obj\BMP180_api.o
VELOCITYSLOW        0x12c             ..\obj\main.o
VELOCITYVERYFAST    0x12c             ..\obj\main.o
intbuzzenable       0x1               ..\obj\main.o
VELOCITYVERYSLOW    0x12c             ..\obj\main.o
VELOCITYNORMAL      0x12c             ..\obj\main.o
intbuzzthreshold    0x2               ..\obj\main.o
pressens_pressarray
                    0x230             ..\obj\main.o
BMP180_CALREGS      0x1c              ..\obj\BMP180_api.o
intbuzzcounter      0x4               ..\obj\main.o
adcconvcounter      0x4               ..\obj\PowerLed.o
doesitsleep         0x1               ..\obj\BMP180_api.o
intcounter          0x4               ..\obj\BMP180_api.o

Discarded input sections

 .text          0x00000000        0x0 ..\obj\BMP180_api.o
 .data          0x00000000        0x0 ..\obj\BMP180_api.o
 .bss           0x00000000        0x0 ..\obj\BMP180_api.o
 .text          0x00000000        0x0 ..\obj\PowerLed.o
 .data          0x00000000        0x0 ..\obj\PowerLed.o
 .bss           0x00000000        0x1 ..\obj\PowerLed.o
 .text.PowerLed_GPIOInit
                0x00000000       0x30 ..\obj\PowerLed.o
 .text.PowerLed_ADCTimerInitandStart
                0x00000000       0x54 ..\obj\PowerLed.o
 .text.PowerLed_ADCADCInit
                0x00000000       0x60 ..\obj\PowerLed.o
 .text.PowerLed_ADCGetRefVoltValue
                0x00000000       0x24 ..\obj\PowerLed.o
 .text.PowerLed_IsVoltageOK
                0x00000000       0x10 ..\obj\PowerLed.o
 .text.PowerLed_Main
                0x00000000       0x88 ..\obj\PowerLed.o
 .text          0x00000000        0x0 ..\obj\stm32f0xx_rcc.o
 .bss           0x00000000        0x0 ..\obj\stm32f0xx_rcc.o
 .text.RCC_DeInit
                0x00000000       0x60 ..\obj\stm32f0xx_rcc.o
 .text.RCC_HSEConfig
                0x00000000       0x10 ..\obj\stm32f0xx_rcc.o
 .text.RCC_WaitForHSEStartUp
                0x00000000       0x3c ..\obj\stm32f0xx_rcc.o
 .text.RCC_AdjustHSICalibrationValue
                0x00000000       0x14 ..\obj\stm32f0xx_rcc.o
 .text.RCC_HSICmd
                0x00000000       0x20 ..\obj\stm32f0xx_rcc.o
 .text.RCC_AdjustHSI14CalibrationValue
                0x00000000       0x14 ..\obj\stm32f0xx_rcc.o
 .text.RCC_HSI14Cmd
                0x00000000       0x20 ..\obj\stm32f0xx_rcc.o
 .text.RCC_HSI14ADCRequestCmd
                0x00000000       0x20 ..\obj\stm32f0xx_rcc.o
 .text.RCC_LSEConfig
                0x00000000       0x20 ..\obj\stm32f0xx_rcc.o
 .text.RCC_LSEDriveConfig
                0x00000000       0x18 ..\obj\stm32f0xx_rcc.o
 .text.RCC_LSICmd
                0x00000000       0x20 ..\obj\stm32f0xx_rcc.o
 .text.RCC_PLLConfig
                0x00000000       0x20 ..\obj\stm32f0xx_rcc.o
 .text.RCC_PLLCmd
                0x00000000       0x24 ..\obj\stm32f0xx_rcc.o
 .text.RCC_PREDIV1Config
                0x00000000       0x14 ..\obj\stm32f0xx_rcc.o
 .text.RCC_ClockSecuritySystemCmd
                0x00000000       0x24 ..\obj\stm32f0xx_rcc.o
 .text.RCC_MCOConfig
                0x00000000       0x1c ..\obj\stm32f0xx_rcc.o
 .text.RCC_SYSCLKConfig
                0x00000000       0x14 ..\obj\stm32f0xx_rcc.o
 .text.RCC_GetSYSCLKSource
                0x00000000       0x10 ..\obj\stm32f0xx_rcc.o
 .text.RCC_PCLKConfig
                0x00000000       0x18 ..\obj\stm32f0xx_rcc.o
 .text.RCC_ADCCLKConfig
                0x00000000       0x34 ..\obj\stm32f0xx_rcc.o
 .text.RCC_CECCLKConfig
                0x00000000       0x18 ..\obj\stm32f0xx_rcc.o
 .text.RCC_I2CCLKConfig
                0x00000000       0x18 ..\obj\stm32f0xx_rcc.o
 .text.RCC_USARTCLKConfig
                0x00000000       0x18 ..\obj\stm32f0xx_rcc.o
 .text.RCC_RTCCLKConfig
                0x00000000       0x10 ..\obj\stm32f0xx_rcc.o
 .text.RCC_RTCCLKCmd
                0x00000000       0x24 ..\obj\stm32f0xx_rcc.o
 .text.RCC_BackupResetCmd
                0x00000000       0x24 ..\obj\stm32f0xx_rcc.o
 .text.RCC_AHBPeriphResetCmd
                0x00000000       0x18 ..\obj\stm32f0xx_rcc.o
 .text.RCC_APB2PeriphResetCmd
                0x00000000       0x18 ..\obj\stm32f0xx_rcc.o
 .text.RCC_APB1PeriphResetCmd
                0x00000000       0x18 ..\obj\stm32f0xx_rcc.o
 .text.RCC_ITConfig
                0x00000000       0x18 ..\obj\stm32f0xx_rcc.o
 .text.RCC_GetFlagStatus
                0x00000000       0x34 ..\obj\stm32f0xx_rcc.o
 .text.RCC_ClearFlag
                0x00000000       0x14 ..\obj\stm32f0xx_rcc.o
 .text.RCC_GetITStatus
                0x00000000       0x14 ..\obj\stm32f0xx_rcc.o
 .text.RCC_ClearITPendingBit
                0x00000000        0xc ..\obj\stm32f0xx_rcc.o
 .text          0x00000000        0x0 ..\obj\stm32f0xx_adc.o
 .data          0x00000000        0x0 ..\obj\stm32f0xx_adc.o
 .bss           0x00000000        0x0 ..\obj\stm32f0xx_adc.o
 .text.ADC_DeInit
                0x00000000       0x24 ..\obj\stm32f0xx_adc.o
 .text.ADC_JitterCmd
                0x00000000       0x14 ..\obj\stm32f0xx_adc.o
 .text.ADC_WaitModeCmd
                0x00000000       0x20 ..\obj\stm32f0xx_adc.o
 .text.ADC_AnalogWatchdogCmd
                0x00000000       0x20 ..\obj\stm32f0xx_adc.o
 .text.ADC_AnalogWatchdogThresholdsConfig
                0x00000000        0x8 ..\obj\stm32f0xx_adc.o
 .text.ADC_AnalogWatchdogSingleChannelConfig
                0x00000000       0x10 ..\obj\stm32f0xx_adc.o
 .text.ADC_AnalogWatchdogSingleChannelCmd
                0x00000000       0x20 ..\obj\stm32f0xx_adc.o
 .text.ADC_TempSensorCmd
                0x00000000       0x24 ..\obj\stm32f0xx_adc.o
 .text.ADC_VbatCmd
                0x00000000       0x24 ..\obj\stm32f0xx_adc.o
 .text.ADC_ContinuousModeCmd
                0x00000000       0x20 ..\obj\stm32f0xx_adc.o
 .text.ADC_DiscModeCmd
                0x00000000       0x20 ..\obj\stm32f0xx_adc.o
 .text.ADC_OverrunModeCmd
                0x00000000       0x20 ..\obj\stm32f0xx_adc.o
 .text.ADC_StopOfConversion
                0x00000000        0xc ..\obj\stm32f0xx_adc.o
 .text.ADC_StartOfConversion
                0x00000000        0xc ..\obj\stm32f0xx_adc.o
 .text.ADC_GetConversionValue
                0x00000000        0x8 ..\obj\stm32f0xx_adc.o
 .text.ADC_DMACmd
                0x00000000       0x18 ..\obj\stm32f0xx_adc.o
 .text.ADC_DMARequestModeConfig
                0x00000000       0x10 ..\obj\stm32f0xx_adc.o
 .text.ADC_ITConfig
                0x00000000       0x14 ..\obj\stm32f0xx_adc.o
 .text.ADC_GetFlagStatus
                0x00000000       0x1c ..\obj\stm32f0xx_adc.o
 .text.ADC_ClearFlag
                0x00000000        0x4 ..\obj\stm32f0xx_adc.o
 .text.ADC_GetITStatus
                0x00000000       0x14 ..\obj\stm32f0xx_adc.o
 .text.ADC_ClearITPendingBit
                0x00000000        0x4 ..\obj\stm32f0xx_adc.o
 .text          0x00000000        0x0 ..\obj\I2C_extension.o
 .data          0x00000000        0x0 ..\obj\I2C_extension.o
 .bss           0x00000000        0x0 ..\obj\I2C_extension.o
 .text.I2CLine_GPIOInit
                0x00000000       0x48 ..\obj\I2C_extension.o
 .text.I2CLine_I2CInit
                0x00000000       0x38 ..\obj\I2C_extension.o
 .text          0x00000000        0x0 ..\obj\main.o
 .data          0x00000000        0x0 ..\obj\main.o
 .bss           0x00000000        0x0 ..\obj\main.o
 .text          0x00000000       0x14 ..\obj\startup_stm32f0xx.o
 .data          0x00000000        0x0 ..\obj\startup_stm32f0xx.o
 .bss           0x00000000        0x0 ..\obj\startup_stm32f0xx.o
 .text          0x00000000        0x0 ..\obj\ShutDown.o
 .text          0x00000000        0x0 ..\obj\stm32f0xx_i2c.o
 .data          0x00000000        0x0 ..\obj\stm32f0xx_i2c.o
 .bss           0x00000000        0x0 ..\obj\stm32f0xx_i2c.o
 .text.I2C_DeInit
                0x00000000       0x38 ..\obj\stm32f0xx_i2c.o
 .text.I2C_SoftwareResetCmd
                0x00000000       0x14 ..\obj\stm32f0xx_i2c.o
 .text.I2C_ITConfig
                0x00000000       0x14 ..\obj\stm32f0xx_i2c.o
 .text.I2C_StretchClockCmd
                0x00000000       0x20 ..\obj\stm32f0xx_i2c.o
 .text.I2C_StopModeCmd
                0x00000000       0x20 ..\obj\stm32f0xx_i2c.o
 .text.I2C_DualAddressCmd
                0x00000000       0x20 ..\obj\stm32f0xx_i2c.o
 .text.I2C_OwnAddress2Config
                0x00000000       0x24 ..\obj\stm32f0xx_i2c.o
 .text.I2C_GeneralCallCmd
                0x00000000       0x20 ..\obj\stm32f0xx_i2c.o
 .text.I2C_SlaveByteControlCmd
                0x00000000       0x20 ..\obj\stm32f0xx_i2c.o
 .text.I2C_SlaveAddressConfig
                0x00000000       0x10 ..\obj\stm32f0xx_i2c.o
 .text.I2C_10BitAddressingModeCmd
                0x00000000       0x20 ..\obj\stm32f0xx_i2c.o
 .text.I2C_AutoEndCmd
                0x00000000       0x20 ..\obj\stm32f0xx_i2c.o
 .text.I2C_ReloadCmd
                0x00000000       0x20 ..\obj\stm32f0xx_i2c.o
 .text.I2C_NumberOfBytesConfig
                0x00000000       0x14 ..\obj\stm32f0xx_i2c.o
 .text.I2C_MasterRequestConfig
                0x00000000       0x20 ..\obj\stm32f0xx_i2c.o
 .text.I2C_GenerateSTART
                0x00000000       0x20 ..\obj\stm32f0xx_i2c.o
 .text.I2C_GenerateSTOP
                0x00000000       0x20 ..\obj\stm32f0xx_i2c.o
 .text.I2C_10BitAddressHeaderCmd
                0x00000000       0x20 ..\obj\stm32f0xx_i2c.o
 .text.I2C_AcknowledgeConfig
                0x00000000       0x20 ..\obj\stm32f0xx_i2c.o
 .text.I2C_GetAddressMatched
                0x00000000        0xc ..\obj\stm32f0xx_i2c.o
 .text.I2C_GetTransferDirection
                0x00000000        0xc ..\obj\stm32f0xx_i2c.o
 .text.I2C_SMBusAlertCmd
                0x00000000       0x20 ..\obj\stm32f0xx_i2c.o
 .text.I2C_ClockTimeoutCmd
                0x00000000       0x20 ..\obj\stm32f0xx_i2c.o
 .text.I2C_ExtendedClockTimeoutCmd
                0x00000000       0x18 ..\obj\stm32f0xx_i2c.o
 .text.I2C_IdleClockTimeoutCmd
                0x00000000       0x20 ..\obj\stm32f0xx_i2c.o
 .text.I2C_TimeoutAConfig
                0x00000000       0x10 ..\obj\stm32f0xx_i2c.o
 .text.I2C_TimeoutBConfig
                0x00000000       0x1c ..\obj\stm32f0xx_i2c.o
 .text.I2C_CalculatePEC
                0x00000000       0x20 ..\obj\stm32f0xx_i2c.o
 .text.I2C_PECRequestCmd
                0x00000000       0x20 ..\obj\stm32f0xx_i2c.o
 .text.I2C_GetPEC
                0x00000000        0x8 ..\obj\stm32f0xx_i2c.o
 .text.I2C_ReadRegister
                0x00000000       0x18 ..\obj\stm32f0xx_i2c.o
 .text.I2C_DMACmd
                0x00000000       0x14 ..\obj\stm32f0xx_i2c.o
 .text.I2C_GetITStatus
                0x00000000       0x34 ..\obj\stm32f0xx_i2c.o
 .text.I2C_ClearITPendingBit
                0x00000000        0x4 ..\obj\stm32f0xx_i2c.o
 .text          0x00000000        0x0 ..\obj\system_stm32f0xx_temp.o
 .data          0x00000000       0x14 ..\obj\system_stm32f0xx_temp.o
 .bss           0x00000000        0x0 ..\obj\system_stm32f0xx_temp.o
 .text.SystemCoreClockUpdate1
                0x00000000       0x60 ..\obj\system_stm32f0xx_temp.o
 .text          0x00000000        0x0 ..\obj\stm32f0xx_gpio.o
 .data          0x00000000        0x0 ..\obj\stm32f0xx_gpio.o
 .bss           0x00000000        0x0 ..\obj\stm32f0xx_gpio.o
 .text.GPIO_DeInit
                0x00000000       0xa4 ..\obj\stm32f0xx_gpio.o
 .text.GPIO_PinLockConfig
                0x00000000       0x24 ..\obj\stm32f0xx_gpio.o
 .text.GPIO_ReadInputData
                0x00000000        0x8 ..\obj\stm32f0xx_gpio.o
 .text.GPIO_ReadOutputDataBit
                0x00000000        0xc ..\obj\stm32f0xx_gpio.o
 .text.GPIO_ReadOutputData
                0x00000000        0x8 ..\obj\stm32f0xx_gpio.o
 .text.GPIO_WriteBit
                0x00000000        0xc ..\obj\stm32f0xx_gpio.o
 .text.GPIO_Write
                0x00000000        0x4 ..\obj\stm32f0xx_gpio.o
 .text          0x00000000        0x0 ..\obj\stm32f0xx_tim.o
 .data          0x00000000        0x0 ..\obj\stm32f0xx_tim.o
 .bss           0x00000000        0x0 ..\obj\stm32f0xx_tim.o
 .text.TIM_DeInit
                0x00000000       0xf8 ..\obj\stm32f0xx_tim.o
 .text.TIM_PrescalerConfig
                0x00000000        0x8 ..\obj\stm32f0xx_tim.o
 .text.TIM_CounterModeConfig
                0x00000000        0xc ..\obj\stm32f0xx_tim.o
 .text.TIM_SetCounter
                0x00000000        0x4 ..\obj\stm32f0xx_tim.o
 .text.TIM_SetAutoreload
                0x00000000        0x4 ..\obj\stm32f0xx_tim.o
 .text.TIM_GetCounter
                0x00000000        0x4 ..\obj\stm32f0xx_tim.o
 .text.TIM_GetPrescaler
                0x00000000        0x8 ..\obj\stm32f0xx_tim.o
 .text.TIM_UpdateDisableConfig
                0x00000000       0x18 ..\obj\stm32f0xx_tim.o
 .text.TIM_UpdateRequestConfig
                0x00000000       0x18 ..\obj\stm32f0xx_tim.o
 .text.TIM_ARRPreloadConfig
                0x00000000       0x18 ..\obj\stm32f0xx_tim.o
 .text.TIM_SelectOnePulseMode
                0x00000000       0x10 ..\obj\stm32f0xx_tim.o
 .text.TIM_SetClockDivision
                0x00000000       0x14 ..\obj\stm32f0xx_tim.o
 .text.TIM_BDTRConfig
                0x00000000       0x20 ..\obj\stm32f0xx_tim.o
 .text.TIM_BDTRStructInit
                0x00000000       0x14 ..\obj\stm32f0xx_tim.o
 .text.TIM_CtrlPWMOutputs
                0x00000000       0x1c ..\obj\stm32f0xx_tim.o
 .text.TIM_OC3Init
                0x00000000       0x84 ..\obj\stm32f0xx_tim.o
 .text.TIM_OC4Init
                0x00000000       0x68 ..\obj\stm32f0xx_tim.o
 .text.TIM_SelectOCxM
                0x00000000       0x4c ..\obj\stm32f0xx_tim.o
 .text.TIM_SetCompare1
                0x00000000        0x4 ..\obj\stm32f0xx_tim.o
 .text.TIM_SetCompare2
                0x00000000        0x4 ..\obj\stm32f0xx_tim.o
 .text.TIM_SetCompare3
                0x00000000        0x4 ..\obj\stm32f0xx_tim.o
 .text.TIM_SetCompare4
                0x00000000        0x4 ..\obj\stm32f0xx_tim.o
 .text.TIM_ForcedOC1Config
                0x00000000        0xc ..\obj\stm32f0xx_tim.o
 .text.TIM_ForcedOC2Config
                0x00000000       0x14 ..\obj\stm32f0xx_tim.o
 .text.TIM_ForcedOC3Config
                0x00000000        0xc ..\obj\stm32f0xx_tim.o
 .text.TIM_ForcedOC4Config
                0x00000000       0x14 ..\obj\stm32f0xx_tim.o
 .text.TIM_CCPreloadControl
                0x00000000       0x18 ..\obj\stm32f0xx_tim.o
 .text.TIM_OC3PreloadConfig
                0x00000000        0xc ..\obj\stm32f0xx_tim.o
 .text.TIM_OC4PreloadConfig
                0x00000000       0x14 ..\obj\stm32f0xx_tim.o
 .text.TIM_OC1FastConfig
                0x00000000        0xc ..\obj\stm32f0xx_tim.o
 .text.TIM_OC2FastConfig
                0x00000000       0x14 ..\obj\stm32f0xx_tim.o
 .text.TIM_OC3FastConfig
                0x00000000        0xc ..\obj\stm32f0xx_tim.o
 .text.TIM_OC4FastConfig
                0x00000000       0x14 ..\obj\stm32f0xx_tim.o
 .text.TIM_ClearOC1Ref
                0x00000000        0xc ..\obj\stm32f0xx_tim.o
 .text.TIM_ClearOC2Ref
                0x00000000       0x10 ..\obj\stm32f0xx_tim.o
 .text.TIM_ClearOC3Ref
                0x00000000        0xc ..\obj\stm32f0xx_tim.o
 .text.TIM_ClearOC4Ref
                0x00000000       0x10 ..\obj\stm32f0xx_tim.o
 .text.TIM_OC1PolarityConfig
                0x00000000        0xc ..\obj\stm32f0xx_tim.o
 .text.TIM_OC1NPolarityConfig
                0x00000000        0xc ..\obj\stm32f0xx_tim.o
 .text.TIM_OC2PolarityConfig
                0x00000000       0x10 ..\obj\stm32f0xx_tim.o
 .text.TIM_OC2NPolarityConfig
                0x00000000       0x10 ..\obj\stm32f0xx_tim.o
 .text.TIM_OC3PolarityConfig
                0x00000000       0x14 ..\obj\stm32f0xx_tim.o
 .text.TIM_OC3NPolarityConfig
                0x00000000       0x14 ..\obj\stm32f0xx_tim.o
 .text.TIM_OC4PolarityConfig
                0x00000000       0x14 ..\obj\stm32f0xx_tim.o
 .text.TIM_SelectOCREFClear
                0x00000000       0x10 ..\obj\stm32f0xx_tim.o
 .text.TIM_CCxCmd
                0x00000000       0x18 ..\obj\stm32f0xx_tim.o
 .text.TIM_CCxNCmd
                0x00000000       0x18 ..\obj\stm32f0xx_tim.o
 .text.TIM_SelectCOM
                0x00000000       0x18 ..\obj\stm32f0xx_tim.o
 .text.TIM_ICInit
                0x00000000      0x14c ..\obj\stm32f0xx_tim.o
 .text.TIM_ICStructInit
                0x00000000       0x10 ..\obj\stm32f0xx_tim.o
 .text.TIM_PWMIConfig
                0x00000000      0x15c ..\obj\stm32f0xx_tim.o
 .text.TIM_GetCapture1
                0x00000000        0x4 ..\obj\stm32f0xx_tim.o
 .text.TIM_GetCapture2
                0x00000000        0x4 ..\obj\stm32f0xx_tim.o
 .text.TIM_GetCapture3
                0x00000000        0x4 ..\obj\stm32f0xx_tim.o
 .text.TIM_GetCapture4
                0x00000000        0x4 ..\obj\stm32f0xx_tim.o
 .text.TIM_SetIC1Prescaler
                0x00000000       0x10 ..\obj\stm32f0xx_tim.o
 .text.TIM_SetIC2Prescaler
                0x00000000       0x18 ..\obj\stm32f0xx_tim.o
 .text.TIM_SetIC3Prescaler
                0x00000000       0x10 ..\obj\stm32f0xx_tim.o
 .text.TIM_SetIC4Prescaler
                0x00000000       0x18 ..\obj\stm32f0xx_tim.o
 .text.TIM_GenerateEvent
                0x00000000        0x4 ..\obj\stm32f0xx_tim.o
 .text.TIM_GetFlagStatus
                0x00000000        0xc ..\obj\stm32f0xx_tim.o
 .text.TIM_ClearFlag
                0x00000000        0x8 ..\obj\stm32f0xx_tim.o
 .text.TIM_DMAConfig
                0x00000000        0x8 ..\obj\stm32f0xx_tim.o
 .text.TIM_DMACmd
                0x00000000       0x14 ..\obj\stm32f0xx_tim.o
 .text.TIM_SelectCCDMA
                0x00000000       0x18 ..\obj\stm32f0xx_tim.o
 .text.TIM_InternalClockConfig
                0x00000000        0xc ..\obj\stm32f0xx_tim.o
 .text.TIM_ITRxExternalClockConfig
                0x00000000       0x14 ..\obj\stm32f0xx_tim.o
 .text.TIM_TIxExternalClockConfig
                0x00000000       0x78 ..\obj\stm32f0xx_tim.o
 .text.TIM_ETRClockMode1Config
                0x00000000       0x20 ..\obj\stm32f0xx_tim.o
 .text.TIM_ETRClockMode2Config
                0x00000000       0x20 ..\obj\stm32f0xx_tim.o
 .text.TIM_SelectInputTrigger
                0x00000000        0xc ..\obj\stm32f0xx_tim.o
 .text.TIM_SelectOutputTrigger
                0x00000000       0x10 ..\obj\stm32f0xx_tim.o
 .text.TIM_SelectSlaveMode
                0x00000000       0x10 ..\obj\stm32f0xx_tim.o
 .text.TIM_SelectMasterSlaveMode
                0x00000000       0x10 ..\obj\stm32f0xx_tim.o
 .text.TIM_ETRConfig
                0x00000000       0x18 ..\obj\stm32f0xx_tim.o
 .text.TIM_EncoderInterfaceConfig
                0x00000000       0x30 ..\obj\stm32f0xx_tim.o
 .text.TIM_SelectHallSensor
                0x00000000       0x18 ..\obj\stm32f0xx_tim.o
 .text.TIM_RemapConfig
                0x00000000        0x8 ..\obj\stm32f0xx_tim.o
 .text          0x00000000        0x0 ..\obj\Vario_CC_board.o
 .data          0x00000000        0x0 ..\obj\Vario_CC_board.o
 .bss           0x00000000        0x0 ..\obj\Vario_CC_board.o
 .text.VarioCC_DelayTIMInit
                0x00000000       0x58 ..\obj\Vario_CC_board.o
 .text.VarioCC_DelayEnableInterrupts
                0x00000000       0x1c ..\obj\Vario_CC_board.o
 .text          0x00000000        0x0 ..\obj\PressureSensor.o
 .text.PressureSensor_Reset
                0x00000000       0x14 ..\obj\PressureSensor.o
 .text.PressureSense_DealWithVelocity
                0x00000000      0x2e0 ..\obj\PressureSensor.o
 .text.PressureSense_IsPositive
                0x00000000       0x10 ..\obj\PressureSensor.o
 .text.PressureSense_BuzzerControl
                0x00000000      0x148 ..\obj\PressureSensor.o
 .text.PressureSense_InsertData
                0x00000000       0x1c ..\obj\PressureSensor.o
 .text.PressureSense_CalculateSumXiTYi
                0x00000000       0x50 ..\obj\PressureSensor.o
 .text.PressureSense_CalculateAvgYi
                0x00000000       0x3c ..\obj\PressureSensor.o
 .text.PressureSense_CalculateVelocity
                0x00000000      0x104 ..\obj\PressureSensor.o
 .text          0x00000000        0x0 ..\obj\stm32f0xx_pwr.o
 .data          0x00000000        0x0 ..\obj\stm32f0xx_pwr.o
 .bss           0x00000000        0x0 ..\obj\stm32f0xx_pwr.o
 .text.PWR_DeInit
                0x00000000       0x18 ..\obj\stm32f0xx_pwr.o
 .text.PWR_BackupAccessCmd
                0x00000000       0x24 ..\obj\stm32f0xx_pwr.o
 .text.PWR_PVDLevelConfig
                0x00000000       0x14 ..\obj\stm32f0xx_pwr.o
 .text.PWR_PVDCmd
                0x00000000       0x20 ..\obj\stm32f0xx_pwr.o
 .text.PWR_WakeUpPinCmd
                0x00000000       0x18 ..\obj\stm32f0xx_pwr.o
 .text.PWR_EnterSleepMode
                0x00000000       0x1c ..\obj\stm32f0xx_pwr.o
 .text.PWR_EnterSTOPMode
                0x00000000       0x38 ..\obj\stm32f0xx_pwr.o
 .text.PWR_EnterSTANDBYMode
                0x00000000       0x28 ..\obj\stm32f0xx_pwr.o
 .text.PWR_GetFlagStatus
                0x00000000       0x14 ..\obj\stm32f0xx_pwr.o
 .text.PWR_ClearFlag
                0x00000000       0x10 ..\obj\stm32f0xx_pwr.o
 .debug_info    0x00000000      0x418 ..\obj\stm32f0xx_pwr.o
 .debug_abbrev  0x00000000      0x1b0 ..\obj\stm32f0xx_pwr.o
 .debug_loc     0x00000000      0x186 ..\obj\stm32f0xx_pwr.o
 .debug_aranges
                0x00000000       0x68 ..\obj\stm32f0xx_pwr.o
 .debug_ranges  0x00000000       0x58 ..\obj\stm32f0xx_pwr.o
 .debug_line    0x00000000      0x32d ..\obj\stm32f0xx_pwr.o
 .debug_str     0x00000000      0x32f ..\obj\stm32f0xx_pwr.o
 .comment       0x00000000       0x71 ..\obj\stm32f0xx_pwr.o
 .debug_frame   0x00000000       0xc0 ..\obj\stm32f0xx_pwr.o
 .ARM.attributes
                0x00000000       0x31 ..\obj\stm32f0xx_pwr.o
 .text          0x00000000        0x0 ..\obj\stm32f0xx_misc.o
 .data          0x00000000        0x0 ..\obj\stm32f0xx_misc.o
 .bss           0x00000000        0x0 ..\obj\stm32f0xx_misc.o
 .text.NVIC_SystemLPConfig
                0x00000000       0x18 ..\obj\stm32f0xx_misc.o
 .text.SysTick_CLKSourceConfig
                0x00000000       0x20 ..\obj\stm32f0xx_misc.o
 .text          0x00000000        0x0 ..\obj\Buzzer.o
 .data          0x00000000        0x0 ..\obj\Buzzer.o
 .bss           0x00000000        0x0 ..\obj\Buzzer.o
 .text.BuzzerGPIOInit
                0x00000000       0x50 ..\obj\Buzzer.o
 .text.BuzzerTimerInit
                0x00000000       0x50 ..\obj\Buzzer.o
 .text.BuzzerChannelInit
                0x00000000       0x5c ..\obj\Buzzer.o
 .text.BuzzerTimerandChannelReInit
                0x00000000       0x8c ..\obj\Buzzer.o
 .text.PulseTimerInit
                0x00000000       0x54 ..\obj\Buzzer.o
 .text.PulseChannelInit
                0x00000000       0x34 ..\obj\Buzzer.o
 .text.PulseTimerEnableInterrupts
                0x00000000       0x1c ..\obj\Buzzer.o
 .data          0x00000000        0x0 c:/program files (x86)/gnu tools arm embedded/4.9 2015q3/bin/../lib/gcc/arm-none-eabi/4.9.3/armv6-m\libgcc.a(_udivsi3.o)
 .bss           0x00000000        0x0 c:/program files (x86)/gnu tools arm embedded/4.9 2015q3/bin/../lib/gcc/arm-none-eabi/4.9.3/armv6-m\libgcc.a(_udivsi3.o)
 .data          0x00000000        0x0 c:/program files (x86)/gnu tools arm embedded/4.9 2015q3/bin/../lib/gcc/arm-none-eabi/4.9.3/armv6-m\libgcc.a(_divsi3.o)
 .bss           0x00000000        0x0 c:/program files (x86)/gnu tools arm embedded/4.9 2015q3/bin/../lib/gcc/arm-none-eabi/4.9.3/armv6-m\libgcc.a(_divsi3.o)
 .data          0x00000000        0x0 c:/program files (x86)/gnu tools arm embedded/4.9 2015q3/bin/../lib/gcc/arm-none-eabi/4.9.3/armv6-m\libgcc.a(_dvmd_tls.o)
 .bss           0x00000000        0x0 c:/program files (x86)/gnu tools arm embedded/4.9 2015q3/bin/../lib/gcc/arm-none-eabi/4.9.3/armv6-m\libgcc.a(_dvmd_tls.o)
 .data          0x00000000        0x0 c:/program files (x86)/gnu tools arm embedded/4.9 2015q3/bin/../lib/gcc/arm-none-eabi/4.9.3/armv6-m\libgcc.a(_floatundidf.o)
 .bss           0x00000000        0x0 c:/program files (x86)/gnu tools arm embedded/4.9 2015q3/bin/../lib/gcc/arm-none-eabi/4.9.3/armv6-m\libgcc.a(_floatundidf.o)
 .data          0x00000000        0x0 c:/program files (x86)/gnu tools arm embedded/4.9 2015q3/bin/../lib/gcc/arm-none-eabi/4.9.3/armv6-m\libgcc.a(divsf3.o)
 .bss           0x00000000        0x0 c:/program files (x86)/gnu tools arm embedded/4.9 2015q3/bin/../lib/gcc/arm-none-eabi/4.9.3/armv6-m\libgcc.a(divsf3.o)
 .data          0x00000000        0x0 c:/program files (x86)/gnu tools arm embedded/4.9 2015q3/bin/../lib/gcc/arm-none-eabi/4.9.3/armv6-m\libgcc.a(mulsf3.o)
 .bss           0x00000000        0x0 c:/program files (x86)/gnu tools arm embedded/4.9 2015q3/bin/../lib/gcc/arm-none-eabi/4.9.3/armv6-m\libgcc.a(mulsf3.o)
 .data          0x00000000        0x0 c:/program files (x86)/gnu tools arm embedded/4.9 2015q3/bin/../lib/gcc/arm-none-eabi/4.9.3/armv6-m\libgcc.a(fixsfsi.o)
 .bss           0x00000000        0x0 c:/program files (x86)/gnu tools arm embedded/4.9 2015q3/bin/../lib/gcc/arm-none-eabi/4.9.3/armv6-m\libgcc.a(fixsfsi.o)
 .data          0x00000000        0x0 c:/program files (x86)/gnu tools arm embedded/4.9 2015q3/bin/../lib/gcc/arm-none-eabi/4.9.3/armv6-m\libgcc.a(floatunsisf.o)
 .bss           0x00000000        0x0 c:/program files (x86)/gnu tools arm embedded/4.9 2015q3/bin/../lib/gcc/arm-none-eabi/4.9.3/armv6-m\libgcc.a(floatunsisf.o)
 .data          0x00000000        0x0 c:/program files (x86)/gnu tools arm embedded/4.9 2015q3/bin/../lib/gcc/arm-none-eabi/4.9.3/armv6-m\libgcc.a(adddf3.o)
 .bss           0x00000000        0x0 c:/program files (x86)/gnu tools arm embedded/4.9 2015q3/bin/../lib/gcc/arm-none-eabi/4.9.3/armv6-m\libgcc.a(adddf3.o)
 .data          0x00000000        0x0 c:/program files (x86)/gnu tools arm embedded/4.9 2015q3/bin/../lib/gcc/arm-none-eabi/4.9.3/armv6-m\libgcc.a(divdf3.o)
 .bss           0x00000000        0x0 c:/program files (x86)/gnu tools arm embedded/4.9 2015q3/bin/../lib/gcc/arm-none-eabi/4.9.3/armv6-m\libgcc.a(divdf3.o)
 .data          0x00000000        0x0 c:/program files (x86)/gnu tools arm embedded/4.9 2015q3/bin/../lib/gcc/arm-none-eabi/4.9.3/armv6-m\libgcc.a(muldf3.o)
 .bss           0x00000000        0x0 c:/program files (x86)/gnu tools arm embedded/4.9 2015q3/bin/../lib/gcc/arm-none-eabi/4.9.3/armv6-m\libgcc.a(muldf3.o)
 .data          0x00000000        0x0 c:/program files (x86)/gnu tools arm embedded/4.9 2015q3/bin/../lib/gcc/arm-none-eabi/4.9.3/armv6-m\libgcc.a(subdf3.o)
 .bss           0x00000000        0x0 c:/program files (x86)/gnu tools arm embedded/4.9 2015q3/bin/../lib/gcc/arm-none-eabi/4.9.3/armv6-m\libgcc.a(subdf3.o)
 .data          0x00000000        0x0 c:/program files (x86)/gnu tools arm embedded/4.9 2015q3/bin/../lib/gcc/arm-none-eabi/4.9.3/armv6-m\libgcc.a(floatunsidf.o)
 .bss           0x00000000        0x0 c:/program files (x86)/gnu tools arm embedded/4.9 2015q3/bin/../lib/gcc/arm-none-eabi/4.9.3/armv6-m\libgcc.a(floatunsidf.o)
 .data          0x00000000        0x0 c:/program files (x86)/gnu tools arm embedded/4.9 2015q3/bin/../lib/gcc/arm-none-eabi/4.9.3/armv6-m\libgcc.a(extendsfdf2.o)
 .bss           0x00000000        0x0 c:/program files (x86)/gnu tools arm embedded/4.9 2015q3/bin/../lib/gcc/arm-none-eabi/4.9.3/armv6-m\libgcc.a(extendsfdf2.o)
 .data          0x00000000        0x0 c:/program files (x86)/gnu tools arm embedded/4.9 2015q3/bin/../lib/gcc/arm-none-eabi/4.9.3/armv6-m\libgcc.a(truncdfsf2.o)
 .bss           0x00000000        0x0 c:/program files (x86)/gnu tools arm embedded/4.9 2015q3/bin/../lib/gcc/arm-none-eabi/4.9.3/armv6-m\libgcc.a(truncdfsf2.o)
 .data          0x00000000        0x0 c:/program files (x86)/gnu tools arm embedded/4.9 2015q3/bin/../lib/gcc/arm-none-eabi/4.9.3/armv6-m\libgcc.a(_clzsi2.o)
 .bss           0x00000000        0x0 c:/program files (x86)/gnu tools arm embedded/4.9 2015q3/bin/../lib/gcc/arm-none-eabi/4.9.3/armv6-m\libgcc.a(_clzsi2.o)
 .text          0x00000000        0x0 c:/program files (x86)/gnu tools arm embedded/4.9 2015q3/bin/../lib/gcc/arm-none-eabi/4.9.3/../../../../arm-none-eabi/lib/armv6-m\libg.a(lib_a-memmove.o)
 .data          0x00000000        0x0 c:/program files (x86)/gnu tools arm embedded/4.9 2015q3/bin/../lib/gcc/arm-none-eabi/4.9.3/../../../../arm-none-eabi/lib/armv6-m\libg.a(lib_a-memmove.o)
 .bss           0x00000000        0x0 c:/program files (x86)/gnu tools arm embedded/4.9 2015q3/bin/../lib/gcc/arm-none-eabi/4.9.3/../../../../arm-none-eabi/lib/armv6-m\libg.a(lib_a-memmove.o)

Memory Configuration

Name             Origin             Length             Attributes
rom              0x08000000         0x00004000         xr
ram              0x20000000         0x00001000         xrw
*default*        0x00000000         0xffffffff

Linker script and memory map

                0x20001000                _eram = 0x20001000

.text           0x08000000     0x3f2c
 *(.isr_vector)
 .isr_vector    0x08000000       0xc4 ..\obj\startup_stm32f0xx.o
                0x08000000                g_pfnVectors
 *(.text*)
 .text.BMP180_READ_CALDATA
                0x080000c4       0x94 ..\obj\BMP180_api.o
                0x080000c4                BMP180_READ_CALDATA
 .text.BMP180_READ_UT
                0x08000158       0x48 ..\obj\BMP180_api.o
                0x08000158                BMP180_READ_UT
 .text.BMP180_CALC_TEMP
                0x080001a0       0x30 ..\obj\BMP180_api.o
                0x080001a0                BMP180_CALC_TEMP
 .text.BMP180_READ_UP_START
                0x080001d0       0x4c ..\obj\BMP180_api.o
                0x080001d0                BMP180_READ_UP_START
 .text.BMP180_READ_UP_END
                0x0800021c       0x4c ..\obj\BMP180_api.o
                0x0800021c                BMP180_READ_UP_END
 .text.BMP180_CALC_PRESS
                0x08000268       0xc0 ..\obj\BMP180_api.o
                0x08000268                BMP180_CALC_PRESS
 .text.PowerLed_Init
                0x08000328       0x90 ..\obj\PowerLed.o
                0x08000328                PowerLed_Init
 .text.RCC_HCLKConfig
                0x080003b8       0x14 ..\obj\stm32f0xx_rcc.o
                0x080003b8                RCC_HCLKConfig
 .text.RCC_GetClocksFreq
                0x080003cc      0x108 ..\obj\stm32f0xx_rcc.o
                0x080003cc                RCC_GetClocksFreq
 .text.RCC_AHBPeriphClockCmd
                0x080004d4       0x18 ..\obj\stm32f0xx_rcc.o
                0x080004d4                RCC_AHBPeriphClockCmd
 .text.RCC_APB2PeriphClockCmd
                0x080004ec       0x18 ..\obj\stm32f0xx_rcc.o
                0x080004ec                RCC_APB2PeriphClockCmd
 .text.RCC_APB1PeriphClockCmd
                0x08000504       0x18 ..\obj\stm32f0xx_rcc.o
                0x08000504                RCC_APB1PeriphClockCmd
 .text.ADC_Init
                0x0800051c       0x2c ..\obj\stm32f0xx_adc.o
                0x0800051c                ADC_Init
 .text.ADC_StructInit
                0x08000548       0x10 ..\obj\stm32f0xx_adc.o
                0x08000548                ADC_StructInit
 .text.ADC_Cmd  0x08000558       0x18 ..\obj\stm32f0xx_adc.o
                0x08000558                ADC_Cmd
 .text.ADC_AutoPowerOffCmd
                0x08000570       0x20 ..\obj\stm32f0xx_adc.o
                0x08000570                ADC_AutoPowerOffCmd
 .text.ADC_VrefintCmd
                0x08000590       0x24 ..\obj\stm32f0xx_adc.o
                0x08000590                ADC_VrefintCmd
 .text.ADC_ChannelConfig
                0x080005b4        0xc ..\obj\stm32f0xx_adc.o
                0x080005b4                ADC_ChannelConfig
 .text.ADC_GetCalibrationFactor
                0x080005c0       0x38 ..\obj\stm32f0xx_adc.o
                0x080005c0                ADC_GetCalibrationFactor
 .text.I2CLine_Init
                0x080005f8       0x74 ..\obj\I2C_extension.o
                0x080005f8                I2CLine_Init
 .text.I2CLine_Read
                0x0800066c       0x98 ..\obj\I2C_extension.o
                0x0800066c                I2CLine_Read
 .text.I2CLine_Write
                0x08000704       0x70 ..\obj\I2C_extension.o
                0x08000704                I2CLine_Write
 .text.startup.main
                0x08000774       0x34 ..\obj\main.o
                0x08000774                main
 .text.Reset_Handler
                0x080007a8       0x4c ..\obj\startup_stm32f0xx.o
                0x080007a8                Reset_Handler
 .text.Default_Handler
                0x080007f4        0x2 ..\obj\startup_stm32f0xx.o
                0x080007f4                TIM1_CC_IRQHandler
                0x080007f4                HardFault_Handler
                0x080007f4                ADC1_COMP_IRQHandler
                0x080007f4                SysTick_Handler
                0x080007f4                PVD_IRQHandler
                0x080007f4                PendSV_Handler
                0x080007f4                NMI_Handler
                0x080007f4                I2C1_IRQHandler
                0x080007f4                SPI1_IRQHandler
                0x080007f4                TIM6_DAC_IRQHandler
                0x080007f4                EXTI2_3_IRQHandler
                0x080007f4                I2C2_IRQHandler
                0x080007f4                TIM17_IRQHandler
                0x080007f4                RTC_IRQHandler
                0x080007f4                TIM16_IRQHandler
                0x080007f4                TIM3_IRQHandler
                0x080007f4                EXTI4_15_IRQHandler
                0x080007f4                RCC_IRQHandler
                0x080007f4                DMA1_Channel1_IRQHandler
                0x080007f4                Default_Handler
                0x080007f4                CEC_IRQHandler
                0x080007f4                TIM14_IRQHandler
                0x080007f4                DMA1_Channel4_5_IRQHandler
                0x080007f4                TIM15_IRQHandler
                0x080007f4                EXTI0_1_IRQHandler
                0x080007f4                SPI2_IRQHandler
                0x080007f4                SVC_Handler
                0x080007f4                TS_IRQHandler
                0x080007f4                WWDG_IRQHandler
                0x080007f4                TIM2_IRQHandler
                0x080007f4                DMA1_Channel2_3_IRQHandler
                0x080007f4                USART2_IRQHandler
                0x080007f4                FLASH_IRQHandler
                0x080007f4                USART1_IRQHandler
 *fill*         0x080007f6        0x2 
 .text.SHD_Init
                0x080007f8       0x50 ..\obj\ShutDown.o
                0x080007f8                SHD_Init
 .text.SHD_Main
                0x08000848       0x84 ..\obj\ShutDown.o
                0x08000848                SHD_Main
 .text.I2C_Init
                0x080008cc       0x64 ..\obj\stm32f0xx_i2c.o
                0x080008cc                I2C_Init
 .text.I2C_StructInit
                0x08000930       0x18 ..\obj\stm32f0xx_i2c.o
                0x08000930                I2C_StructInit
 .text.I2C_Cmd  0x08000948       0x18 ..\obj\stm32f0xx_i2c.o
                0x08000948                I2C_Cmd
 .text.I2C_TransferHandling
                0x08000960       0x20 ..\obj\stm32f0xx_i2c.o
                0x08000960                I2C_TransferHandling
 .text.I2C_SendData
                0x08000980        0x4 ..\obj\stm32f0xx_i2c.o
                0x08000980                I2C_SendData
 .text.I2C_ReceiveData
                0x08000984        0x8 ..\obj\stm32f0xx_i2c.o
                0x08000984                I2C_ReceiveData
 .text.I2C_GetFlagStatus
                0x0800098c        0xc ..\obj\stm32f0xx_i2c.o
                0x0800098c                I2C_GetFlagStatus
 .text.I2C_ClearFlag
                0x08000998        0x4 ..\obj\stm32f0xx_i2c.o
                0x08000998                I2C_ClearFlag
 .text.SetSysClock1
                0x0800099c       0xbc ..\obj\system_stm32f0xx_temp.o
                0x0800099c                SetSysClock
 .text.SystemInit1
                0x08000a58       0x64 ..\obj\system_stm32f0xx_temp.o
                0x08000a58                SystemInit
                0x08000a58                SystemInit1
 .text.GPIO_Init
                0x08000abc       0xc8 ..\obj\stm32f0xx_gpio.o
                0x08000abc                GPIO_Init
 .text.GPIO_StructInit
                0x08000b84       0x18 ..\obj\stm32f0xx_gpio.o
                0x08000b84                GPIO_StructInit
 .text.GPIO_ReadInputDataBit
                0x08000b9c        0xc ..\obj\stm32f0xx_gpio.o
                0x08000b9c                GPIO_ReadInputDataBit
 .text.GPIO_SetBits
                0x08000ba8        0x4 ..\obj\stm32f0xx_gpio.o
                0x08000ba8                GPIO_SetBits
 .text.GPIO_ResetBits
                0x08000bac        0x4 ..\obj\stm32f0xx_gpio.o
                0x08000bac                GPIO_ResetBits
 .text.GPIO_PinAFConfig
                0x08000bb0       0x24 ..\obj\stm32f0xx_gpio.o
                0x08000bb0                GPIO_PinAFConfig
 .text.TIM_TimeBaseInit
                0x08000bd4       0x9c ..\obj\stm32f0xx_tim.o
                0x08000bd4                TIM_TimeBaseInit
 .text.TIM_TimeBaseStructInit
                0x08000c70       0x14 ..\obj\stm32f0xx_tim.o
                0x08000c70                TIM_TimeBaseStructInit
 .text.TIM_Cmd  0x08000c84       0x18 ..\obj\stm32f0xx_tim.o
                0x08000c84                TIM_Cmd
 .text.TIM_OC1Init
                0x08000c9c       0x80 ..\obj\stm32f0xx_tim.o
                0x08000c9c                TIM_OC1Init
 .text.TIM_OC2Init
                0x08000d1c       0xa0 ..\obj\stm32f0xx_tim.o
                0x08000d1c                TIM_OC2Init
 .text.TIM_OCStructInit
                0x08000dbc       0x14 ..\obj\stm32f0xx_tim.o
                0x08000dbc                TIM_OCStructInit
 .text.TIM_OC1PreloadConfig
                0x08000dd0        0xc ..\obj\stm32f0xx_tim.o
                0x08000dd0                TIM_OC1PreloadConfig
 .text.TIM_OC2PreloadConfig
                0x08000ddc       0x14 ..\obj\stm32f0xx_tim.o
                0x08000ddc                TIM_OC2PreloadConfig
 .text.TIM_ITConfig
                0x08000df0       0x14 ..\obj\stm32f0xx_tim.o
                0x08000df0                TIM_ITConfig
 .text.TIM_GetITStatus
                0x08000e04       0x18 ..\obj\stm32f0xx_tim.o
                0x08000e04                TIM_GetITStatus
 .text.TIM_ClearITPendingBit
                0x08000e1c        0x8 ..\obj\stm32f0xx_tim.o
                0x08000e1c                TIM_ClearITPendingBit
 .text.VarioCC_GetTimBusClockFreq
                0x08000e24       0x18 ..\obj\Vario_CC_board.o
                0x08000e24                VarioCC_GetTimBusClockFreq
 .text.VarioCC_Delay
                0x08000e3c       0x18 ..\obj\Vario_CC_board.o
                0x08000e3c                VarioCC_Delay
 .text.VarioCC_NonBlockingDelay_Start
                0x08000e54        0xc ..\obj\Vario_CC_board.o
                0x08000e54                VarioCC_NonBlockingDelay_Start
 .text.PressureSensor_Init
                0x08000e60       0x34 ..\obj\PressureSensor.o
                0x08000e60                PressureSensor_Init
 .text.PressureSense_DetermineVelocity
                0x08000e94      0x7ac ..\obj\PressureSensor.o
                0x08000e94                PressureSense_DetermineVelocity
 .text.PressureSense_Main
                0x08001640       0x74 ..\obj\PressureSensor.o
                0x08001640                PressureSense_Main
 .text.NVIC_Init
                0x080016b4       0x60 ..\obj\stm32f0xx_misc.o
                0x080016b4                NVIC_Init
 .text.BuzzerInit
                0x08001714       0xdc ..\obj\Buzzer.o
                0x08001714                BuzzerInit
 .text.BuzzerEnable
                0x080017f0       0x1c ..\obj\Buzzer.o
                0x080017f0                BuzzerEnable
 .text.PulseInit
                0x0800180c       0x84 ..\obj\Buzzer.o
                0x0800180c                PulseInit
 .text.TIM1_BRK_UP_TRG_COM_IRQHandler
                0x08001890       0xa4 ..\obj\Buzzer.o
                0x08001890                TIM1_BRK_UP_TRG_COM_IRQHandler
 .text          0x08001934      0x120 c:/program files (x86)/gnu tools arm embedded/4.9 2015q3/bin/../lib/gcc/arm-none-eabi/4.9.3/armv6-m\libgcc.a(_udivsi3.o)
                0x08001934                __aeabi_uidiv
                0x08001934                __udivsi3
                0x08001a40                __aeabi_uidivmod
 .text          0x08001a54      0x1e0 c:/program files (x86)/gnu tools arm embedded/4.9 2015q3/bin/../lib/gcc/arm-none-eabi/4.9.3/armv6-m\libgcc.a(_divsi3.o)
                0x08001a54                __divsi3
                0x08001a54                __aeabi_idiv
                0x08001c20                __aeabi_idivmod
 .text          0x08001c34        0x4 c:/program files (x86)/gnu tools arm embedded/4.9 2015q3/bin/../lib/gcc/arm-none-eabi/4.9.3/armv6-m\libgcc.a(_dvmd_tls.o)
                0x08001c34                __aeabi_idiv0
                0x08001c34                __aeabi_ldiv0
 .text          0x08001c38       0x2c c:/program files (x86)/gnu tools arm embedded/4.9 2015q3/bin/../lib/gcc/arm-none-eabi/4.9.3/armv6-m\libgcc.a(_floatundidf.o)
                0x08001c38                __floatundidf
                0x08001c38                __aeabi_ul2d
 .text          0x08001c64      0x270 c:/program files (x86)/gnu tools arm embedded/4.9 2015q3/bin/../lib/gcc/arm-none-eabi/4.9.3/armv6-m\libgcc.a(divsf3.o)
                0x08001c64                __aeabi_fdiv
 .text          0x08001ed4      0x264 c:/program files (x86)/gnu tools arm embedded/4.9 2015q3/bin/../lib/gcc/arm-none-eabi/4.9.3/armv6-m\libgcc.a(mulsf3.o)
                0x08001ed4                __aeabi_fmul
 .text          0x08002138       0x40 c:/program files (x86)/gnu tools arm embedded/4.9 2015q3/bin/../lib/gcc/arm-none-eabi/4.9.3/armv6-m\libgcc.a(fixsfsi.o)
                0x08002138                __aeabi_f2iz
 .text          0x08002178       0x90 c:/program files (x86)/gnu tools arm embedded/4.9 2015q3/bin/../lib/gcc/arm-none-eabi/4.9.3/armv6-m\libgcc.a(floatunsisf.o)
                0x08002178                __aeabi_ui2f
 .text          0x08002208      0x650 c:/program files (x86)/gnu tools arm embedded/4.9 2015q3/bin/../lib/gcc/arm-none-eabi/4.9.3/armv6-m\libgcc.a(adddf3.o)
                0x08002208                __aeabi_dadd
 .text          0x08002858      0x648 c:/program files (x86)/gnu tools arm embedded/4.9 2015q3/bin/../lib/gcc/arm-none-eabi/4.9.3/armv6-m\libgcc.a(divdf3.o)
                0x08002858                __aeabi_ddiv
 .text          0x08002ea0      0x534 c:/program files (x86)/gnu tools arm embedded/4.9 2015q3/bin/../lib/gcc/arm-none-eabi/4.9.3/armv6-m\libgcc.a(muldf3.o)
                0x08002ea0                __aeabi_dmul
 .text          0x080033d4      0x6f4 c:/program files (x86)/gnu tools arm embedded/4.9 2015q3/bin/../lib/gcc/arm-none-eabi/4.9.3/armv6-m\libgcc.a(subdf3.o)
                0x080033d4                __aeabi_dsub
 .text          0x08003ac8       0x64 c:/program files (x86)/gnu tools arm embedded/4.9 2015q3/bin/../lib/gcc/arm-none-eabi/4.9.3/armv6-m\libgcc.a(floatunsidf.o)
                0x08003ac8                __aeabi_ui2d
 .text          0x08003b2c       0xa8 c:/program files (x86)/gnu tools arm embedded/4.9 2015q3/bin/../lib/gcc/arm-none-eabi/4.9.3/armv6-m\libgcc.a(extendsfdf2.o)
                0x08003b2c                __aeabi_f2d
 .text          0x08003bd4      0x120 c:/program files (x86)/gnu tools arm embedded/4.9 2015q3/bin/../lib/gcc/arm-none-eabi/4.9.3/armv6-m\libgcc.a(truncdfsf2.o)
                0x08003bd4                __aeabi_d2f
 .text          0x08003cf4       0x3c c:/program files (x86)/gnu tools arm embedded/4.9 2015q3/bin/../lib/gcc/arm-none-eabi/4.9.3/armv6-m\libgcc.a(_clzsi2.o)
                0x08003cf4                __clzsi2
 .text.memmove  0x08003d30       0x98 c:/program files (x86)/gnu tools arm embedded/4.9 2015q3/bin/../lib/gcc/arm-none-eabi/4.9.3/../../../../arm-none-eabi/lib/armv6-m\libg.a(lib_a-memmove.o)
                0x08003d30                memmove
 *(.init)
 *(.fini)
 *crtbegin.o(.ctors)
 *crtbegin?.o(.ctors)
 *(EXCLUDE_FILE(*crtend.o *crtend?.o) .ctors)
 *(SORT(.ctors.*))
 *(.ctors)
 *crtbegin.o(.dtors)
 *crtbegin?.o(.dtors)
 *(EXCLUDE_FILE(*crtend.o *crtend?.o) .dtors)
 *(SORT(.dtors.*))
 *(.dtors)
 *(.rodata*)
 .rodata        0x08003dc8       0x24 ..\obj\PressureSensor.o
 .rodata        0x08003dec       0x80 c:/program files (x86)/gnu tools arm embedded/4.9 2015q3/bin/../lib/gcc/arm-none-eabi/4.9.3/armv6-m\libgcc.a(divsf3.o)
 .rodata        0x08003e6c       0x40 c:/program files (x86)/gnu tools arm embedded/4.9 2015q3/bin/../lib/gcc/arm-none-eabi/4.9.3/armv6-m\libgcc.a(mulsf3.o)
 .rodata        0x08003eac       0x40 c:/program files (x86)/gnu tools arm embedded/4.9 2015q3/bin/../lib/gcc/arm-none-eabi/4.9.3/armv6-m\libgcc.a(divdf3.o)
 .rodata        0x08003eec       0x40 c:/program files (x86)/gnu tools arm embedded/4.9 2015q3/bin/../lib/gcc/arm-none-eabi/4.9.3/armv6-m\libgcc.a(muldf3.o)
 *(.eh_fram e*)

.glue_7         0x08003f2c        0x0
 .glue_7        0x00000000        0x0 linker stubs

.glue_7t        0x08003f2c        0x0
 .glue_7t       0x00000000        0x0 linker stubs

.vfp11_veneer   0x08003f2c        0x0
 .vfp11_veneer  0x00000000        0x0 linker stubs

.v4_bx          0x08003f2c        0x0
 .v4_bx         0x00000000        0x0 linker stubs

.iplt           0x08003f2c        0x0
 .iplt          0x00000000        0x0 ..\obj\BMP180_api.o

.rel.dyn        0x08003f2c        0x0
 .rel.iplt      0x00000000        0x0 ..\obj\BMP180_api.o

.ARM.extab
 *(.ARM.extab* .gnu.linkonce.armextab.*)
                0x08003f2c                __exidx_start = .

.ARM.exidx
 *(.ARM.exidx* .gnu.linkonce.armexidx.*)
                0x08003f2c                __exidx_end = .
                0x08003f2c                __etext = .
                0x08003f2c                _sidata = __etext

.data           0x20000000       0x5c load address 0x08003f2c
                0x20000000                __data_start__ = .
                0x20000000                _sdata = __data_start__
 *(vtable)
 *(.data*)
 .data          0x20000000       0x10 ..\obj\stm32f0xx_rcc.o
 .data          0x20000010        0x8 ..\obj\ShutDown.o
 .data          0x20000018       0x44 ..\obj\PressureSensor.o
                0x2000005c                . = ALIGN (0x4)
                0x2000005c                PROVIDE (__preinit_array_start, .)
 *(.preinit_array)
                0x2000005c                PROVIDE (__preinit_array_end, .)
                0x2000005c                . = ALIGN (0x4)
                0x2000005c                PROVIDE (__init_array_start, .)
 *(SORT(.init_array.*))
 *(.init_array)
                0x2000005c                PROVIDE (__init_array_end, .)
                0x2000005c                . = ALIGN (0x4)
                0x2000005c                PROVIDE (__fini_array_start, .)
 *(SORT(.fini_array.*))
 *(.fini_array)
                0x2000005c                PROVIDE (__fini_array_end, .)
 *(.jcr*)
                0x2000005c                . = ALIGN (0x4)
                0x2000005c                __data_end__ = .
                0x2000005c                _edata = __data_end__

.igot.plt       0x2000005c        0x0 load address 0x08003f88
 .igot.plt      0x00000000        0x0 ..\obj\BMP180_api.o

.bss            0x2000005c      0x858 load address 0x08003f88
                0x2000005c                . = ALIGN (0x4)
                0x2000005c                __bss_start__ = .
                0x2000005c                _sbss = __bss_start__
 *(.bss*)
 .bss           0x2000005c        0x1 ..\obj\ShutDown.o
 *fill*         0x2000005d        0x3 
 .bss           0x20000060        0xc ..\obj\PressureSensor.o
 *(COMMON)
 COMMON         0x2000006c       0x2c ..\obj\BMP180_api.o
                0x2000006c                BMP180_CTRLREGS
                0x20000074                BMP180_CALREGS
                0x20000090                doesitsleep
                0x20000094                intcounter
 COMMON         0x20000098        0x4 ..\obj\PowerLed.o
                0x20000098                adcconvcounter
 COMMON         0x2000009c      0x818 ..\obj\main.o
                0x2000009c                VELOCITYFAST
                0x200001c8                VELOCITYSLOW
                0x200002f4                VELOCITYVERYFAST
                0x20000420                intbuzzenable
                0x20000424                VELOCITYVERYSLOW
                0x20000550                VELOCITYNORMAL
                0x2000067c                intbuzzthreshold
                0x20000680                pressens_pressarray
                0x200008b0                intbuzzcounter
                0x200008b4                . = ALIGN (0x4)
                0x200008b4                __bss_end__ = .
                0x200008b4                _ebss = __bss_end__

.heap           0x200008b4        0x0
                0x200008b4                __end__ = .
                0x200008b4                _end = __end__
                0x200008b4                end = __end__
 *(.heap*)
                0x200008b4                __HeapLimit = .

.co_stack       0x200008b4        0x4 load address 0x080047e0
                0x200008b8                . = ALIGN (0x8)
 *fill*         0x200008b4        0x4 
 *(.co_stack .co_stack.*)
                0x20001000                __StackTop = (ORIGIN (ram) + 0x1000)
                0x20000ffc                __StackLimit = (__StackTop - SIZEOF (.co_stack))
                0x20001000                PROVIDE (__stack, __StackTop)
                0x00000001                ASSERT ((__StackLimit >= __HeapLimit), region ram  overflowed with stack)
LOAD ..\obj\BMP180_api.o
LOAD ..\obj\PowerLed.o
LOAD ..\obj\stm32f0xx_rcc.o
LOAD ..\obj\stm32f0xx_adc.o
LOAD ..\obj\I2C_extension.o
LOAD ..\obj\main.o
LOAD ..\obj\startup_stm32f0xx.o
LOAD ..\obj\ShutDown.o
LOAD ..\obj\stm32f0xx_i2c.o
LOAD ..\obj\system_stm32f0xx_temp.o
LOAD ..\obj\stm32f0xx_gpio.o
LOAD ..\obj\stm32f0xx_tim.o
LOAD ..\obj\Vario_CC_board.o
LOAD ..\obj\PressureSensor.o
LOAD ..\obj\stm32f0xx_pwr.o
LOAD ..\obj\stm32f0xx_misc.o
LOAD ..\obj\Buzzer.o
START GROUP
LOAD c:/program files (x86)/gnu tools arm embedded/4.9 2015q3/bin/../lib/gcc/arm-none-eabi/4.9.3/armv6-m\libgcc.a
LOAD c:/program files (x86)/gnu tools arm embedded/4.9 2015q3/bin/../lib/gcc/arm-none-eabi/4.9.3/../../../../arm-none-eabi/lib/armv6-m\libg.a
LOAD c:/program files (x86)/gnu tools arm embedded/4.9 2015q3/bin/../lib/gcc/arm-none-eabi/4.9.3/../../../../arm-none-eabi/lib/armv6-m\libc.a
END GROUP
OUTPUT(Vario_RC_Source.elf elf32-littlearm)

.debug_info     0x00000000     0xa4f5
 .debug_info    0x00000000      0x629 ..\obj\BMP180_api.o
 .debug_info    0x00000629      0xd75 ..\obj\PowerLed.o
 .debug_info    0x0000139e      0xa6c ..\obj\stm32f0xx_rcc.o
 .debug_info    0x00001e0a      0x8cc ..\obj\stm32f0xx_adc.o
 .debug_info    0x000026d6      0xa47 ..\obj\I2C_extension.o
 .debug_info    0x0000311d      0x440 ..\obj\main.o
 .debug_info    0x0000355d       0xb9 ..\obj\startup_stm32f0xx.o
 .debug_info    0x00003616      0x4ba ..\obj\ShutDown.o
 .debug_info    0x00003ad0      0xc14 ..\obj\stm32f0xx_i2c.o
 .debug_info    0x000046e4      0x2fd ..\obj\system_stm32f0xx_temp.o
 .debug_info    0x000049e1      0x6f7 ..\obj\stm32f0xx_gpio.o
 .debug_info    0x000050d8     0x23b1 ..\obj\stm32f0xx_tim.o
 .debug_info    0x00007489      0x703 ..\obj\Vario_CC_board.o
 .debug_info    0x00007b8c     0x11a2 ..\obj\PressureSensor.o
 .debug_info    0x00008d2e      0x36b ..\obj\stm32f0xx_misc.o
 .debug_info    0x00009099     0x145c ..\obj\Buzzer.o

.debug_abbrev   0x00000000     0x1ea2
 .debug_abbrev  0x00000000      0x1f8 ..\obj\BMP180_api.o
 .debug_abbrev  0x000001f8      0x282 ..\obj\PowerLed.o
 .debug_abbrev  0x0000047a      0x2a3 ..\obj\stm32f0xx_rcc.o
 .debug_abbrev  0x0000071d      0x1b0 ..\obj\stm32f0xx_adc.o
 .debug_abbrev  0x000008cd      0x225 ..\obj\I2C_extension.o
 .debug_abbrev  0x00000af2      0x141 ..\obj\main.o
 .debug_abbrev  0x00000c33       0x12 ..\obj\startup_stm32f0xx.o
 .debug_abbrev  0x00000c45      0x16a ..\obj\ShutDown.o
 .debug_abbrev  0x00000daf      0x1ad ..\obj\stm32f0xx_i2c.o
 .debug_abbrev  0x00000f5c      0x13f ..\obj\system_stm32f0xx_temp.o
 .debug_abbrev  0x0000109b      0x1d2 ..\obj\stm32f0xx_gpio.o
 .debug_abbrev  0x0000126d      0x298 ..\obj\stm32f0xx_tim.o
 .debug_abbrev  0x00001505      0x206 ..\obj\Vario_CC_board.o
 .debug_abbrev  0x0000170b      0x381 ..\obj\PressureSensor.o
 .debug_abbrev  0x00001a8c      0x152 ..\obj\stm32f0xx_misc.o
 .debug_abbrev  0x00001bde      0x2c4 ..\obj\Buzzer.o

.debug_loc      0x00000000     0x5b2e
 .debug_loc     0x00000000      0x283 ..\obj\BMP180_api.o
 .debug_loc     0x00000283       0x34 ..\obj\PowerLed.o
 .debug_loc     0x000002b7      0x99c ..\obj\stm32f0xx_rcc.o
 .debug_loc     0x00000c53      0x421 ..\obj\stm32f0xx_adc.o
 .debug_loc     0x00001074      0x1f5 ..\obj\I2C_extension.o
 .debug_loc     0x00001269      0x620 ..\obj\stm32f0xx_i2c.o
 .debug_loc     0x00001889       0xf8 ..\obj\system_stm32f0xx_temp.o
 .debug_loc     0x00001981      0x38e ..\obj\stm32f0xx_gpio.o
 .debug_loc     0x00001d0f     0x2022 ..\obj\stm32f0xx_tim.o
 .debug_loc     0x00003d31     0x1b70 ..\obj\PressureSensor.o
 .debug_loc     0x000058a1       0xae ..\obj\stm32f0xx_misc.o
 .debug_loc     0x0000594f      0x1df ..\obj\Buzzer.o

.debug_aranges  0x00000000      0x9e0
 .debug_aranges
                0x00000000       0x48 ..\obj\BMP180_api.o
 .debug_aranges
                0x00000048       0x50 ..\obj\PowerLed.o
 .debug_aranges
                0x00000098      0x150 ..\obj\stm32f0xx_rcc.o
 .debug_aranges
                0x000001e8      0x100 ..\obj\stm32f0xx_adc.o
 .debug_aranges
                0x000002e8       0x40 ..\obj\I2C_extension.o
 .debug_aranges
                0x00000328       0x20 ..\obj\main.o
 .debug_aranges
                0x00000348       0x28 ..\obj\startup_stm32f0xx.o
 .debug_aranges
                0x00000370       0x28 ..\obj\ShutDown.o
 .debug_aranges
                0x00000398      0x168 ..\obj\stm32f0xx_i2c.o
 .debug_aranges
                0x00000500       0x30 ..\obj\system_stm32f0xx_temp.o
 .debug_aranges
                0x00000530       0x80 ..\obj\stm32f0xx_gpio.o
 .debug_aranges
                0x000005b0      0x2e0 ..\obj\stm32f0xx_tim.o
 .debug_aranges
                0x00000890       0x40 ..\obj\Vario_CC_board.o
 .debug_aranges
                0x000008d0       0x70 ..\obj\PressureSensor.o
 .debug_aranges
                0x00000940       0x30 ..\obj\stm32f0xx_misc.o
 .debug_aranges
                0x00000970       0x70 ..\obj\Buzzer.o

.debug_ranges   0x00000000      0xe18
 .debug_ranges  0x00000000       0x38 ..\obj\BMP180_api.o
 .debug_ranges  0x00000038       0x58 ..\obj\PowerLed.o
 .debug_ranges  0x00000090      0x158 ..\obj\stm32f0xx_rcc.o
 .debug_ranges  0x000001e8       0xf0 ..\obj\stm32f0xx_adc.o
 .debug_ranges  0x000002d8       0x48 ..\obj\I2C_extension.o
 .debug_ranges  0x00000320       0x10 ..\obj\main.o
 .debug_ranges  0x00000330       0x20 ..\obj\startup_stm32f0xx.o
 .debug_ranges  0x00000350       0x18 ..\obj\ShutDown.o
 .debug_ranges  0x00000368      0x158 ..\obj\stm32f0xx_i2c.o
 .debug_ranges  0x000004c0       0x20 ..\obj\system_stm32f0xx_temp.o
 .debug_ranges  0x000004e0       0x70 ..\obj\stm32f0xx_gpio.o
 .debug_ranges  0x00000550      0x4d0 ..\obj\stm32f0xx_tim.o
 .debug_ranges  0x00000a20       0x48 ..\obj\Vario_CC_board.o
 .debug_ranges  0x00000a68      0x310 ..\obj\PressureSensor.o
 .debug_ranges  0x00000d78       0x20 ..\obj\stm32f0xx_misc.o
 .debug_ranges  0x00000d98       0x80 ..\obj\Buzzer.o

.debug_line     0x00000000     0x3e50
 .debug_line    0x00000000      0x2d7 ..\obj\BMP180_api.o
 .debug_line    0x000002d7      0x30e ..\obj\PowerLed.o
 .debug_line    0x000005e5      0x5f0 ..\obj\stm32f0xx_rcc.o
 .debug_line    0x00000bd5      0x48d ..\obj\stm32f0xx_adc.o
 .debug_line    0x00001062      0x2c3 ..\obj\I2C_extension.o
 .debug_line    0x00001325      0x268 ..\obj\main.o
 .debug_line    0x0000158d       0xb2 ..\obj\startup_stm32f0xx.o
 .debug_line    0x0000163f      0x23b ..\obj\ShutDown.o
 .debug_line    0x0000187a      0x5d0 ..\obj\stm32f0xx_i2c.o
 .debug_line    0x00001e4a      0x1f7 ..\obj\system_stm32f0xx_temp.o
 .debug_line    0x00002041      0x33b ..\obj\stm32f0xx_gpio.o
 .debug_line    0x0000237c      0xce3 ..\obj\stm32f0xx_tim.o
 .debug_line    0x0000305f      0x283 ..\obj\Vario_CC_board.o
 .debug_line    0x000032e2      0x514 ..\obj\PressureSensor.o
 .debug_line    0x000037f6      0x25a ..\obj\stm32f0xx_misc.o
 .debug_line    0x00003a50      0x400 ..\obj\Buzzer.o

.debug_str      0x00000000     0x2a73
 .debug_str     0x00000000      0x2b1 ..\obj\BMP180_api.o
                                0x30c (size before relaxing)
 .debug_str     0x000002b1      0x5fd ..\obj\PowerLed.o
                                0x77a (size before relaxing)
 .debug_str     0x000008ae      0x553 ..\obj\stm32f0xx_rcc.o
                                0x733 (size before relaxing)
 .debug_str     0x00000e01      0x29f ..\obj\stm32f0xx_adc.o
                                0x5b7 (size before relaxing)
 .debug_str     0x000010a0      0x1a1 ..\obj\I2C_extension.o
                                0x55d (size before relaxing)
 .debug_str     0x00001241      0x12e ..\obj\main.o
                                0x342 (size before relaxing)
 .debug_str     0x0000136f       0x89 ..\obj\ShutDown.o
                                0x3f3 (size before relaxing)
 .debug_str     0x000013f8      0x363 ..\obj\stm32f0xx_i2c.o
                                0x64e (size before relaxing)
 .debug_str     0x0000175b       0xb1 ..\obj\system_stm32f0xx_temp.o
                                0x299 (size before relaxing)
 .debug_str     0x0000180c      0x135 ..\obj\stm32f0xx_gpio.o
                                0x4af (size before relaxing)
 .debug_str     0x00001941      0xa72 ..\obj\stm32f0xx_tim.o
                                0xe09 (size before relaxing)
 .debug_str     0x000023b3      0x253 ..\obj\Vario_CC_board.o
                                0x663 (size before relaxing)
 .debug_str     0x00002606      0x263 ..\obj\PressureSensor.o
                                0x5fb (size before relaxing)
 .debug_str     0x00002869      0x10f ..\obj\stm32f0xx_misc.o
                                0x2f3 (size before relaxing)
 .debug_str     0x00002978       0xfb ..\obj\Buzzer.o
                                0xa37 (size before relaxing)

.comment        0x00000000       0x70
 .comment       0x00000000       0x70 ..\obj\BMP180_api.o
                                 0x71 (size before relaxing)
 .comment       0x00000000       0x71 ..\obj\PowerLed.o
 .comment       0x00000000       0x71 ..\obj\stm32f0xx_rcc.o
 .comment       0x00000000       0x71 ..\obj\stm32f0xx_adc.o
 .comment       0x00000000       0x71 ..\obj\I2C_extension.o
 .comment       0x00000000       0x71 ..\obj\main.o
 .comment       0x00000000       0x71 ..\obj\ShutDown.o
 .comment       0x00000000       0x71 ..\obj\stm32f0xx_i2c.o
 .comment       0x00000000       0x71 ..\obj\system_stm32f0xx_temp.o
 .comment       0x00000000       0x71 ..\obj\stm32f0xx_gpio.o
 .comment       0x00000000       0x71 ..\obj\stm32f0xx_tim.o
 .comment       0x00000000       0x71 ..\obj\Vario_CC_board.o
 .comment       0x00000000       0x71 ..\obj\PressureSensor.o
 .comment       0x00000000       0x71 ..\obj\stm32f0xx_misc.o
 .comment       0x00000000       0x71 ..\obj\Buzzer.o

.ARM.attributes
                0x00000000       0x2f
 .ARM.attributes
                0x00000000       0x31 ..\obj\BMP180_api.o
 .ARM.attributes
                0x00000031       0x31 ..\obj\PowerLed.o
 .ARM.attributes
                0x00000062       0x31 ..\obj\stm32f0xx_rcc.o
 .ARM.attributes
                0x00000093       0x31 ..\obj\stm32f0xx_adc.o
 .ARM.attributes
                0x000000c4       0x31 ..\obj\I2C_extension.o
 .ARM.attributes
                0x000000f5       0x31 ..\obj\main.o
 .ARM.attributes
                0x00000126       0x21 ..\obj\startup_stm32f0xx.o
 .ARM.attributes
                0x00000147       0x31 ..\obj\ShutDown.o
 .ARM.attributes
                0x00000178       0x31 ..\obj\stm32f0xx_i2c.o
 .ARM.attributes
                0x000001a9       0x31 ..\obj\system_stm32f0xx_temp.o
 .ARM.attributes
                0x000001da       0x31 ..\obj\stm32f0xx_gpio.o
 .ARM.attributes
                0x0000020b       0x31 ..\obj\stm32f0xx_tim.o
 .ARM.attributes
                0x0000023c       0x31 ..\obj\Vario_CC_board.o
 .ARM.attributes
                0x0000026d       0x31 ..\obj\PressureSensor.o
 .ARM.attributes
                0x0000029e       0x31 ..\obj\stm32f0xx_misc.o
 .ARM.attributes
                0x000002cf       0x31 ..\obj\Buzzer.o
 .ARM.attributes
                0x00000300       0x1e c:/program files (x86)/gnu tools arm embedded/4.9 2015q3/bin/../lib/gcc/arm-none-eabi/4.9.3/armv6-m\libgcc.a(_udivsi3.o)
 .ARM.attributes
                0x0000031e       0x1e c:/program files (x86)/gnu tools arm embedded/4.9 2015q3/bin/../lib/gcc/arm-none-eabi/4.9.3/armv6-m\libgcc.a(_divsi3.o)
 .ARM.attributes
                0x0000033c       0x1e c:/program files (x86)/gnu tools arm embedded/4.9 2015q3/bin/../lib/gcc/arm-none-eabi/4.9.3/armv6-m\libgcc.a(_dvmd_tls.o)
 .ARM.attributes
                0x0000035a       0x2c c:/program files (x86)/gnu tools arm embedded/4.9 2015q3/bin/../lib/gcc/arm-none-eabi/4.9.3/armv6-m\libgcc.a(_floatundidf.o)
 .ARM.attributes
                0x00000386       0x2c c:/program files (x86)/gnu tools arm embedded/4.9 2015q3/bin/../lib/gcc/arm-none-eabi/4.9.3/armv6-m\libgcc.a(divsf3.o)
 .ARM.attributes
                0x000003b2       0x2c c:/program files (x86)/gnu tools arm embedded/4.9 2015q3/bin/../lib/gcc/arm-none-eabi/4.9.3/armv6-m\libgcc.a(mulsf3.o)
 .ARM.attributes
                0x000003de       0x2c c:/program files (x86)/gnu tools arm embedded/4.9 2015q3/bin/../lib/gcc/arm-none-eabi/4.9.3/armv6-m\libgcc.a(fixsfsi.o)
 .ARM.attributes
                0x0000040a       0x2c c:/program files (x86)/gnu tools arm embedded/4.9 2015q3/bin/../lib/gcc/arm-none-eabi/4.9.3/armv6-m\libgcc.a(floatunsisf.o)
 .ARM.attributes
                0x00000436       0x2c c:/program files (x86)/gnu tools arm embedded/4.9 2015q3/bin/../lib/gcc/arm-none-eabi/4.9.3/armv6-m\libgcc.a(adddf3.o)
 .ARM.attributes
                0x00000462       0x2c c:/program files (x86)/gnu tools arm embedded/4.9 2015q3/bin/../lib/gcc/arm-none-eabi/4.9.3/armv6-m\libgcc.a(divdf3.o)
 .ARM.attributes
                0x0000048e       0x2c c:/program files (x86)/gnu tools arm embedded/4.9 2015q3/bin/../lib/gcc/arm-none-eabi/4.9.3/armv6-m\libgcc.a(muldf3.o)
 .ARM.attributes
                0x000004ba       0x2c c:/program files (x86)/gnu tools arm embedded/4.9 2015q3/bin/../lib/gcc/arm-none-eabi/4.9.3/armv6-m\libgcc.a(subdf3.o)
 .ARM.attributes
                0x000004e6       0x2c c:/program files (x86)/gnu tools arm embedded/4.9 2015q3/bin/../lib/gcc/arm-none-eabi/4.9.3/armv6-m\libgcc.a(floatunsidf.o)
 .ARM.attributes
                0x00000512       0x2c c:/program files (x86)/gnu tools arm embedded/4.9 2015q3/bin/../lib/gcc/arm-none-eabi/4.9.3/armv6-m\libgcc.a(extendsfdf2.o)
 .ARM.attributes
                0x0000053e       0x2c c:/program files (x86)/gnu tools arm embedded/4.9 2015q3/bin/../lib/gcc/arm-none-eabi/4.9.3/armv6-m\libgcc.a(truncdfsf2.o)
 .ARM.attributes
                0x0000056a       0x1e c:/program files (x86)/gnu tools arm embedded/4.9 2015q3/bin/../lib/gcc/arm-none-eabi/4.9.3/armv6-m\libgcc.a(_clzsi2.o)
 .ARM.attributes
                0x00000588       0x2c c:/program files (x86)/gnu tools arm embedded/4.9 2015q3/bin/../lib/gcc/arm-none-eabi/4.9.3/../../../../arm-none-eabi/lib/armv6-m\libg.a(lib_a-memmove.o)

.debug_frame    0x00000000     0x1814
 .debug_frame   0x00000000       0xc0 ..\obj\BMP180_api.o
 .debug_frame   0x000000c0       0xc0 ..\obj\PowerLed.o
 .debug_frame   0x00000180      0x2a0 ..\obj\stm32f0xx_rcc.o
 .debug_frame   0x00000420      0x1f0 ..\obj\stm32f0xx_adc.o
 .debug_frame   0x00000610       0xb0 ..\obj\I2C_extension.o
 .debug_frame   0x000006c0       0x28 ..\obj\main.o
 .debug_frame   0x000006e8       0x48 ..\obj\ShutDown.o
 .debug_frame   0x00000730      0x2d8 ..\obj\stm32f0xx_i2c.o
 .debug_frame   0x00000a08       0x54 ..\obj\system_stm32f0xx_temp.o
 .debug_frame   0x00000a5c      0x110 ..\obj\stm32f0xx_gpio.o
 .debug_frame   0x00000b6c      0x658 ..\obj\stm32f0xx_tim.o
 .debug_frame   0x000011c4       0x80 ..\obj\Vario_CC_board.o
 .debug_frame   0x00001244      0x16c ..\obj\PressureSensor.o
 .debug_frame   0x000013b0       0x4c ..\obj\stm32f0xx_misc.o
 .debug_frame   0x000013fc      0x154 ..\obj\Buzzer.o
 .debug_frame   0x00001550       0x20 c:/program files (x86)/gnu tools arm embedded/4.9 2015q3/bin/../lib/gcc/arm-none-eabi/4.9.3/armv6-m\libgcc.a(_udivsi3.o)
 .debug_frame   0x00001570       0x20 c:/program files (x86)/gnu tools arm embedded/4.9 2015q3/bin/../lib/gcc/arm-none-eabi/4.9.3/armv6-m\libgcc.a(_divsi3.o)
 .debug_frame   0x00001590       0x2c c:/program files (x86)/gnu tools arm embedded/4.9 2015q3/bin/../lib/gcc/arm-none-eabi/4.9.3/armv6-m\libgcc.a(_floatundidf.o)
 .debug_frame   0x000015bc       0x3c c:/program files (x86)/gnu tools arm embedded/4.9 2015q3/bin/../lib/gcc/arm-none-eabi/4.9.3/armv6-m\libgcc.a(divsf3.o)
 .debug_frame   0x000015f8       0x3c c:/program files (x86)/gnu tools arm embedded/4.9 2015q3/bin/../lib/gcc/arm-none-eabi/4.9.3/armv6-m\libgcc.a(mulsf3.o)
 .debug_frame   0x00001634       0x20 c:/program files (x86)/gnu tools arm embedded/4.9 2015q3/bin/../lib/gcc/arm-none-eabi/4.9.3/armv6-m\libgcc.a(fixsfsi.o)
 .debug_frame   0x00001654       0x28 c:/program files (x86)/gnu tools arm embedded/4.9 2015q3/bin/../lib/gcc/arm-none-eabi/4.9.3/armv6-m\libgcc.a(floatunsisf.o)
 .debug_frame   0x0000167c       0x38 c:/program files (x86)/gnu tools arm embedded/4.9 2015q3/bin/../lib/gcc/arm-none-eabi/4.9.3/armv6-m\libgcc.a(adddf3.o)
 .debug_frame   0x000016b4       0x3c c:/program files (x86)/gnu tools arm embedded/4.9 2015q3/bin/../lib/gcc/arm-none-eabi/4.9.3/armv6-m\libgcc.a(divdf3.o)
 .debug_frame   0x000016f0       0x3c c:/program files (x86)/gnu tools arm embedded/4.9 2015q3/bin/../lib/gcc/arm-none-eabi/4.9.3/armv6-m\libgcc.a(muldf3.o)
 .debug_frame   0x0000172c       0x3c c:/program files (x86)/gnu tools arm embedded/4.9 2015q3/bin/../lib/gcc/arm-none-eabi/4.9.3/armv6-m\libgcc.a(subdf3.o)
 .debug_frame   0x00001768       0x28 c:/program files (x86)/gnu tools arm embedded/4.9 2015q3/bin/../lib/gcc/arm-none-eabi/4.9.3/armv6-m\libgcc.a(floatunsidf.o)
 .debug_frame   0x00001790       0x2c c:/program files (x86)/gnu tools arm embedded/4.9 2015q3/bin/../lib/gcc/arm-none-eabi/4.9.3/armv6-m\libgcc.a(extendsfdf2.o)
 .debug_frame   0x000017bc       0x2c c:/program files (x86)/gnu tools arm embedded/4.9 2015q3/bin/../lib/gcc/arm-none-eabi/4.9.3/armv6-m\libgcc.a(truncdfsf2.o)
 .debug_frame   0x000017e8       0x2c c:/program files (x86)/gnu tools arm embedded/4.9 2015q3/bin/../lib/gcc/arm-none-eabi/4.9.3/../../../../arm-none-eabi/lib/armv6-m\libg.a(lib_a-memmove.o)
